HI-TECH Software PICC-Lite Compiler V9.50PL2

Linker command line:

\
  --edf=C:\Program Files (x86)\HI-TECH Software\PICC-Lite\9.50\dat\en_msgs.txt \
  -h+ADC_LCD_exp.sym -z -Q16F877A -ol.obj -MADC_LCD_exp.map -E1 \
  -ver=PICC-Lite#V9.50PL2 -ACODE=00h-07FFh -ACONST=00h-0FFhx8 \
  -AENTRY=00h-0FFhx8 -ASTRING=00h-0FFhx8 -ABANK0=020h-07Fh \
  -ABANK1=0A0h-0EFh -ACOMBANK=070h-07Fh -ppowerup=CODE \
  -preset_vec=00h,intentry,intcode,intret,init,end_init,clrtext,maintext,stringtable,pstrings,strings \
  -prbit_0=BANK0,rbss_0=BANK0,rdata_0=BANK0,idata_0=CODE -pnvram=BANK0 \
  -prbit_1=BANK1,rbss_1=BANK1,rdata_1=BANK1,idata_1=CODE \
  -pnvram_1=BANK1,nvbit_1=BANK1 \
  -prbit_2=BANK2,rbss_2=BANK2,rdata_2=BANK2,idata_2=CODE \
  -pnvram_2=BANK2,nvbit_2=BANK2 \
  -prbit_3=BANK3,rbss_3=BANK3,rdata_3=BANK3,idata_3=CODE \
  -pnvram_3=BANK3,nvbit_3=BANK3 -ptemp=COMBANK -ACONFIG=02007h-02007h \
  -pconfig=CONFIG -AIDLOC=02000h-02003h -pidloc=IDLOC \
  -AEEDATA=00h-0FFh/02100h -peeprom_data=EEDATA \
  -pfloat_text0=CODE,float_text1=CODE,float_text2=CODE \
  -pfloat_text3=CODE,float_text4=CODE -pintsave_0=COMBANK -pintsave_1=BANK1 \
  -pintsave_2=BANK2 -pintsave_3=BANK3 \
  C:\Users\barat\AppData\Local\Temp\sim8.obj main.obj \
  C:\Program Files (x86)\HI-TECH Software\PICC-Lite\9.50\lib\pcl62--u.lib \
  C:\Program Files (x86)\HI-TECH Software\PICC-Lite\9.50\lib\pcl40c-c.lib \
  C:\Program Files (x86)\HI-TECH Software\PICC-Lite\9.50\lib\pcl62--u.lib 

Object code version is 3.7

Machine type is 16F877A

Call graph:

*_main size 0,4 offset 0
*    _delay size 2,4 offset 13
*    _lcdcmd size 0,1 offset 12
*        _delay size 2,4 offset 13
*    _write size 0,1 offset 12
*        _delay size 2,4 offset 13
*    _display size 2,6 offset 4
*        _lcdcmd size 0,1 offset 12
*            _delay size 2,4 offset 13
*        _write size 0,1 offset 12
*            _delay size 2,4 offset 13
         awdiv size 0,0 offset 12
         awmod size 0,0 offset 12
     lwtoft size 0,0 offset 4
     ftmul size 0,0 offset 4
         ftunpack1 size 0,0 offset 4
         ftunpack2 size 0,0 offset 4
     fttol size 0,0 offset 4
         ftunpack1 size 0,0 offset 4
         l0neg size 0,0 offset 4

		Name          Link     Load   Length Selector Space Scale
C:\Users\barat\AppData\Local\Temp\sim8.obj
		init             0        0        C       0     0
		end_init         C        C       12       0     0
		temp            70       70        1      70     1
main.obj        idata_0        7E2      7E2       1E     FC4     0
		rdata_0         33       33       1E      20     1
		temp            70       70        6      70     1
		text3          61A      61A       41     C34     0
		text2          5EF      5EF        C     BDE     0
		text4          65B      65B       50     CB6     0
		text1          5E3      5E3        C     BC6     0
		text0          5FB      5FB       1F     BF6     0

C:\Program Files (x86)\HI-TECH Software\PICC-Lite\9.50\lib\pcl62--u.lib

C:\Program Files (x86)\HI-TECH Software\PICC-Lite\9.50\lib\pcl40c-c.lib
awdiv.obj       float_tex      785      785       15     F0A     0
		temp            70       70        7      70     1
btemp0.obj      temp            70       70        1      70     1
btemp10.obj     temp            70       70        B      70     1
btemp11.obj     temp            70       70        C      70     1
btemp1.obj      temp            70       70        2      70     1
btemp2.obj      temp            70       70        3      70     1
btemp3.obj      temp            70       70        4      70     1
btemp4.obj      temp            70       70        5      70     1
btemp5.obj      temp            70       70        6      70     1
btemp6.obj      temp            70       70        7      70     1
btemp7.obj      temp            70       70        8      70     1
btemp8.obj      temp            70       70        9      70     1
btemp9.obj      temp            70       70        A      70     1
codeptr.obj     
float.obj       float_tex      6B7      6B7       4E     D6E     0
		temp            70       70        9      70     1
ftmul.obj       float_tex      705      705       41     D6E     0
		temp            70       70        C      70     1
fttol.obj       float_tex      746      746       23     D6E     0
		temp            70       70        9      70     1
l0neg.obj       float_tex      7D4      7D4        E     FA8     0
		temp            70       70        4      70     1
ltoft.obj       float_tex      769      769       13     D6E     0
		temp            70       70        9      70     1
store3.obj      temp            70       70        9      70     1
		ftext0         6AB      6AB        C     D56     0
stringtab.obj   stringtab       1E       1E       16       0     0
		code_ptr        51       51        2      20     1
wdiv.obj        float_tex      79A      79A       3A     F0A     0
		temp            70       70        7      70     1
wtoft.obj       float_tex      77C      77C        9     D6E     0
		temp            70       70        9      70     1

C:\Program Files (x86)\HI-TECH Software\PICC-Lite\9.50\lib\pcl62--u.lib

COMMON          rbss_0          20       20       13      20     1

TOTAL		Name          Link     Load   Length
	CLASS	CODE     
		idata_0        7E2      7E2       1E
		float_tex      785      785       4F
		float_tex      7D4      7D4        E
		float_tex      6B7      6B7       CE
		init             0        0        C
		end_init         C        C       12
		text3          61A      61A       41
		text2          5EF      5EF        C
		text4          65B      65B       50
		text1          5E3      5E3        C
		text0          5FB      5FB       1F
		ftext0         6AB      6AB        C

	CLASS	CONST    

	CLASS	ENTRY    
		stringtab       1E       1E       16

	CLASS	STRING   

	CLASS	BANK0    
		rdata_0         33       33       1E
		rbss_0          20       20       13
		temp            70       70        C
		code_ptr        51       51        2

	CLASS	BANK1    

	CLASS	COMBANK  

	CLASS	CONFIG   

	CLASS	IDLOC    

	CLASS	EEDATA   

	CLASS	BANK3    

	CLASS	BANK2    



SEGMENTS	Name		Load	Length	 Top	Selector    Space Class

		reset_vec       000000	000034	000034	       0       0  CODE    
		rbit_0          000020	000033	000053	      20       1  BANK0   
		temp            000070	00000C	00007C	      70       1  COMBANK 
		text1           0005E3	00000C	0005EF	     BC6       0  CODE    
		text2           0005EF	00000C	0005FB	     BDE       0  CODE    
		text0           0005FB	00001F	00061A	     BF6       0  CODE    
		text3           00061A	000041	00065B	     C34       0  CODE    
		text4           00065B	000050	0006AB	     CB6       0  CODE    
		ftext0          0006AB	00000C	0006B7	     D56       0  CODE    
		float_text4     0006B7	0000CE	000785	     D6E       0  CODE    
		float_text1     000785	00004F	0007D4	     F0A       0  CODE    
		float_text0     0007D4	00000E	0007E2	     FA8       0  CODE    
		idata_0         0007E2	00001E	000800	     FC4       0  CODE    


UNUSED ADDRESS RANGES

	BANK0            0053-006F
	                 007C-007F
	BANK1            00A0-00EF
	CODE             0034-05E2
	COMBANK          007C-007F
	CONFIG           2007-2007
	CONST            0034-05E2
	EEDATA           2100-21FF
	ENTRY            0034-05E2
	IDLOC            2000-2003
	STRING           0034-05E2

                                  Symbol Table

?_delay        rbss_0      002D  ?_display      rbss_0      0024
?a_delay       rbss_0      002F  ?a_display     rbss_0      0026
?a_lcdcmd      rbss_0      002C  ?a_main        rbss_0      0020
?a_write       rbss_0      002C  __Beeprom_data eeprom_data 2100
__Bnvbit_0     nvbit_0     00A0  __Bnvbit_1     nvbit_1     00A0
__Bnvbit_2     nvbit_2     0068  __Bnvbit_3     nvbit_3     0068
__Bptbit_0     ptbit_0     00A0  __Brbit_0      rbit_0      0020
__Brbit_1      rbit_1      00A0  __Brbit_2      rbit_2      00A0
__Brbit_3      rbit_3      0068  __Hclrtext     clrtext     001E
__Hcode        code        00A0  __Hcode_ptr    code_ptr    0053
__Hcommon_ram  common_ram  00A0  __Hconfig      config      2007
__Heeprom_data eeprom_data 0000  __Hend_init    end_init    001E
__Hfloat_text0 float_text0 07E2  __Hfloat_text1 float_text1 07D4
__Hfloat_text2 float_text2 0034  __Hfloat_text3 float_text3 0034
__Hfloat_text4 float_text4 0785  __Hidata_0     idata_0     0800
__Hidata_1     idata_1     0034  __Hidata_2     idata_2     0034
__Hidata_3     idata_3     0034  __Hidloc       idloc       2000
__Hinit        init        000C  __Hinit23      init23      00A0
__Hintcode     intcode     0000  __Hintentry    intentry    0000
__Hintret      intret      0000  __Hintsave     intsave     00A0
__Hintsave_0   intsave_0   007C  __Hintsave_1   intsave_1   00A0
__Hintsave_2   intsave_2   00A0  __Hintsave_3   intsave_3   00A0
__Hmaintext    maintext    001E  __Hnvbit_0     nvbit_0     0500
__Hnvbit_1     nvbit_1     0500  __Hnvbit_2     nvbit_2     0340
__Hnvbit_3     nvbit_3     0340  __Hnvram       nvram       0051
__Hnvram_1     nvram_1     00A0  __Hnvram_2     nvram_2     0068
__Hnvram_3     nvram_3     0068  __Hpowerup     powerup     0000
__Hpstrings    pstrings    0034  __Hptbit_0     ptbit_0     0500
__Hrbit_0      rbit_0      0100  __Hrbit_1      rbit_1      0500
__Hrbit_2      rbit_2      0500  __Hrbit_3      rbit_3      0340
__Hrbss_0      rbss_0      0033  __Hrbss_1      rbss_1      00A0
__Hrbss_2      rbss_2      00A0  __Hrbss_3      rbss_3      0068
__Hrdata_0     rdata_0     0051  __Hrdata_1     rdata_1     00A0
__Hrdata_2     rdata_2     00A0  __Hrdata_3     rdata_3     0068
__Hreset_vec   reset_vec   0000  __Hstrings     strings     0034
__Hstringtable stringtable 0034  __Hstruct      struct      0053
__Htemp        temp        007C  __Htext        text        00A0
__Lclrtext     clrtext     001E  __Lcode        code        00A0
__Lcode_ptr    code_ptr    0051  __Lcommon_ram  common_ram  00A0
__Lconfig      config      2007  __Leeprom_data eeprom_data 0000
__Lend_init    end_init    000C  __Lfloat_text0 float_text0 07D4
__Lfloat_text1 float_text1 0785  __Lfloat_text2 float_text2 0034
__Lfloat_text3 float_text3 0034  __Lfloat_text4 float_text4 06B7
__Lidata_0     idata_0     07E2  __Lidata_1     idata_1     0034
__Lidata_2     idata_2     0034  __Lidata_3     idata_3     0034
__Lidloc       idloc       2000  __Linit        init        0000
__Linit23      init23      00A0  __Lintcode     intcode     0000
__Lintentry    intentry    0000  __Lintret      intret      0000
__Lintsave     intsave     00A0  __Lintsave_0   intsave_0   007C
__Lintsave_1   intsave_1   00A0  __Lintsave_2   intsave_2   00A0
__Lintsave_3   intsave_3   00A0  __Lmaintext    maintext    001E
__Lnvbit_0     nvbit_0     0500  __Lnvbit_1     nvbit_1     0500
__Lnvbit_2     nvbit_2     0340  __Lnvbit_3     nvbit_3     0340
__Lnvram       nvram       0051  __Lnvram_1     nvram_1     00A0
__Lnvram_2     nvram_2     0068  __Lnvram_3     nvram_3     0068
__Lpowerup     powerup     0000  __Lpstrings    pstrings    0034
__Lptbit_0     ptbit_0     0500  __Lrbit_0      rbit_0      0100
__Lrbit_1      rbit_1      0500  __Lrbit_2      rbit_2      0500
__Lrbit_3      rbit_3      0340  __Lrbss_0      rbss_0      0020
__Lrbss_1      rbss_1      00A0  __Lrbss_2      rbss_2      00A0
__Lrbss_3      rbss_3      0068  __Lrdata_0     rdata_0     0033
__Lrdata_1     rdata_1     00A0  __Lrdata_2     rdata_2     00A0
__Lrdata_3     rdata_3     0068  __Lreset_vec   reset_vec   0000
__Lstrings     strings     0034  __Lstringtable stringtable 001E
__Lstruct      struct      0053  __Ltemp        temp        0070
__Ltext        text        00A0  __S0           (abs)       2007
__S1           (abs)       00A0  __S2           (abs)       2100
_c             rdata_0     0044  _d             rdata_0     0033
_delay         text0       05FB  _display       text3       061A
_exit          init        0000  _lcdcmd        text1       05E3
_main          text4       065B  _write         text2       05EF
altoft         float_text4 0769  awdiv          float_text1 0785
awmod          float_text1 0785  awtoft         float_text4 077C
clear_bank0    init        0000  clear_bit0     init        0000
clear_ram      end_init    0010  code_ptr       code_ptr    0051
copy_bank0     init        0004  copy_data      end_init    0015
dowdiv         float_text1 079B  ftmul          float_text4 0705
ftmul_x        float_text4 0706  ftnorm1        float_text4 06E1
fttol          float_text4 0746  ftunpack1      float_text4 06B7
ftunpack2      float_text4 06C6  intlevel0      intentry    0000
intlevel1      intentry    0000  l0neg          float_text0 07D4
lltoft         float_text4 076E  lwdiv          float_text1 079A
lwmod          float_text1 079A  lwtoft         float_text4 0782
reset_vec      reset_vec   0000  start          init        0000
storeback_3    ftext0      06AB  string_indir   stringtable 0021
string_table   stringtable 001E  used_btemp0    (abs)       0001
used_btemp1    (abs)       0001  used_btemp10   (abs)       0001
used_btemp11   (abs)       0001  used_btemp2    (abs)       0001
used_btemp3    (abs)       0001  used_btemp4    (abs)       0001
used_btemp5    (abs)       0001  used_btemp6    (abs)       0001
used_btemp7    (abs)       0001  used_btemp8    (abs)       0001
used_btemp9    (abs)       0001  used_code_ptr  (abs)       0001
zerctt         float_text4 06C2  
